This is pdfTeX, Version 3.141592653-2.6-1.40.26 (TeX Live 2025/dev/Debian) (preloaded format=pdflatex 2025.11.17)  1 FEB 2026 12:42
entering extended mode
 restricted \write18 enabled.
 %&-line parsing enabled.
**report.tex
(./report.tex
LaTeX2e <2024-11-01> patch level 2
L3 programming layer <2025-01-18>
(/usr/share/texlive/texmf-dist/tex/latex/base/article.cls
Document Class: article 2024/06/29 v1.4n Standard LaTeX document class
(/usr/share/texlive/texmf-dist/tex/latex/base/size10.clo
File: size10.clo 2024/06/29 v1.4n Standard LaTeX file (size option)
)
\c@part=\count196
\c@section=\count197
\c@subsection=\count198
\c@subsubsection=\count199
\c@paragraph=\count266
\c@subparagraph=\count267
\c@figure=\count268
\c@table=\count269
\abovecaptionskip=\skip49
\belowcaptionskip=\skip50
\bibindent=\dimen141
)
(/usr/share/texlive/texmf-dist/tex/latex/base/inputenc.sty
Package: inputenc 2024/02/08 v1.3d Input encoding file
\inpenc@prehook=\toks17
\inpenc@posthook=\toks18
)
(/usr/share/texlive/texmf-dist/tex/latex/geometry/geometry.sty
Package: geometry 2020/01/02 v5.9 Page Geometry

(/usr/share/texlive/texmf-dist/tex/latex/graphics/keyval.sty
Package: keyval 2022/05/29 v1.15 key=value parser (DPC)
\KV@toks@=\toks19
)
(/usr/share/texlive/texmf-dist/tex/generic/iftex/ifvtex.sty
Package: ifvtex 2019/10/25 v1.7 ifvtex legacy package. Use iftex instead.

(/usr/share/texlive/texmf-dist/tex/generic/iftex/iftex.sty
Package: iftex 2024/12/12 v1.0g TeX engine tests
))
\Gm@cnth=\count270
\Gm@cntv=\count271
\c@Gm@tempcnt=\count272
\Gm@bindingoffset=\dimen142
\Gm@wd@mp=\dimen143
\Gm@odd@mp=\dimen144
\Gm@even@mp=\dimen145
\Gm@layoutwidth=\dimen146
\Gm@layoutheight=\dimen147
\Gm@layouthoffset=\dimen148
\Gm@layoutvoffset=\dimen149
\Gm@dimlist=\toks20
)
(/usr/share/texlive/texmf-dist/tex/latex/graphics/graphicx.sty
Package: graphicx 2021/09/16 v1.2d Enhanced LaTeX Graphics (DPC,SPQR)

(/usr/share/texlive/texmf-dist/tex/latex/graphics/graphics.sty
Package: graphics 2024/08/06 v1.4g Standard LaTeX Graphics (DPC,SPQR)

(/usr/share/texlive/texmf-dist/tex/latex/graphics/trig.sty
Package: trig 2023/12/02 v1.11 sin cos tan (DPC)
)
(/usr/share/texlive/texmf-dist/tex/latex/graphics-cfg/graphics.cfg
File: graphics.cfg 2016/06/04 v1.11 sample graphics configuration
)
Package graphics Info: Driver file: pdftex.def on input line 106.

(/usr/share/texlive/texmf-dist/tex/latex/graphics-def/pdftex.def
File: pdftex.def 2024/04/13 v1.2c Graphics/color driver for pdftex
))
\Gin@req@height=\dimen150
\Gin@req@width=\dimen151
)
(/usr/share/texlive/texmf-dist/tex/latex/pgf/utilities/pgffor.sty
(/usr/share/texlive/texmf-dist/tex/latex/pgf/utilities/pgfrcs.sty
(/usr/share/texlive/texmf-dist/tex/generic/pgf/utilities/pgfutil-common.tex
\pgfutil@everybye=\toks21
\pgfutil@tempdima=\dimen152
\pgfutil@tempdimb=\dimen153
)
(/usr/share/texlive/texmf-dist/tex/generic/pgf/utilities/pgfutil-latex.def
\pgfutil@abb=\box52
)
(/usr/share/texlive/texmf-dist/tex/generic/pgf/utilities/pgfrcs.code.tex
(/usr/share/texlive/texmf-dist/tex/generic/pgf/pgf.revision.tex)
Package: pgfrcs 2023-01-15 v3.1.10 (3.1.10)
))
(/usr/share/texlive/texmf-dist/tex/latex/pgf/utilities/pgfkeys.sty
(/usr/share/texlive/texmf-dist/tex/generic/pgf/utilities/pgfkeys.code.tex
\pgfkeys@pathtoks=\toks22
\pgfkeys@temptoks=\toks23

(/usr/share/texlive/texmf-dist/tex/generic/pgf/utilities/pgfkeyslibraryfiltered
.code.tex
\pgfkeys@tmptoks=\toks24
))) (/usr/share/texlive/texmf-dist/tex/latex/pgf/math/pgfmath.sty
(/usr/share/texlive/texmf-dist/tex/generic/pgf/math/pgfmath.code.tex
(/usr/share/texlive/texmf-dist/tex/generic/pgf/math/pgfmathutil.code.tex
\pgf@x=\dimen154
\pgf@xa=\dimen155
\pgf@xb=\dimen156
\pgf@xc=\dimen157
\pgf@y=\dimen158
\pgf@ya=\dimen159
\pgf@yb=\dimen160
\pgf@yc=\dimen161
\c@pgf@counta=\count273
\c@pgf@countb=\count274
\c@pgf@countc=\count275
\c@pgf@countd=\count276
)
(/usr/share/texlive/texmf-dist/tex/generic/pgf/math/pgfmathparser.code.tex
\pgfmath@dimen=\dimen162
\pgfmath@count=\count277
\pgfmath@box=\box53
\pgfmath@toks=\toks25
\pgfmath@stack@operand=\toks26
\pgfmath@stack@operation=\toks27
)
(/usr/share/texlive/texmf-dist/tex/generic/pgf/math/pgfmathfunctions.code.tex)
(/usr/share/texlive/texmf-dist/tex/generic/pgf/math/pgfmathfunctions.basic.code
.tex)
(/usr/share/texlive/texmf-dist/tex/generic/pgf/math/pgfmathfunctions.trigonomet
ric.code.tex)
(/usr/share/texlive/texmf-dist/tex/generic/pgf/math/pgfmathfunctions.random.cod
e.tex)
(/usr/share/texlive/texmf-dist/tex/generic/pgf/math/pgfmathfunctions.comparison
.code.tex)
(/usr/share/texlive/texmf-dist/tex/generic/pgf/math/pgfmathfunctions.base.code.
tex)
(/usr/share/texlive/texmf-dist/tex/generic/pgf/math/pgfmathfunctions.round.code
.tex)
(/usr/share/texlive/texmf-dist/tex/generic/pgf/math/pgfmathfunctions.misc.code.
tex)
(/usr/share/texlive/texmf-dist/tex/generic/pgf/math/pgfmathfunctions.integerari
thmetics.code.tex)
(/usr/share/texlive/texmf-dist/tex/generic/pgf/math/pgfmathcalc.code.tex)
(/usr/share/texlive/texmf-dist/tex/generic/pgf/math/pgfmathfloat.code.tex
\c@pgfmathroundto@lastzeros=\count278
)))
(/usr/share/texlive/texmf-dist/tex/generic/pgf/utilities/pgffor.code.tex
Package: pgffor 2023-01-15 v3.1.10 (3.1.10)
\pgffor@iter=\dimen163
\pgffor@skip=\dimen164
\pgffor@stack=\toks28
\pgffor@toks=\toks29
))
(/usr/share/texlive/texmf-dist/tex/latex/caption/caption.sty
Package: caption 2023/08/05 v3.6o Customizing captions (AR)

(/usr/share/texlive/texmf-dist/tex/latex/caption/caption3.sty
Package: caption3 2023/07/31 v2.4d caption3 kernel (AR)
\caption@tempdima=\dimen165
\captionmargin=\dimen166
\caption@leftmargin=\dimen167
\caption@rightmargin=\dimen168
\caption@width=\dimen169
\caption@indent=\dimen170
\caption@parindent=\dimen171
\caption@hangindent=\dimen172
Package caption Info: Standard document class detected.
)
\c@caption@flags=\count279
\c@continuedfloat=\count280
)
(/usr/share/texlive/texmf-dist/tex/latex/paracol/paracol.sty
Package: paracol 2024/10/22 1.36 typeset columns in parallel
\pcol@currcol=\count281
\pcol@nextcol=\count282
\pcol@ncol=\count283
\pcol@ncolleft=\count284
\pcol@page=\count285
\pcol@basepage=\count286
\pcol@toppage=\count287
\pcol@footnotebase=\count288
\pcol@nfootnotes=\count289
\pcol@mcid=\count290
\pcol@prevdepth=\dimen173
\pcol@colht=\dimen174
\pcol@textfloatsep=\dimen175
\pcol@lrmargin=\dimen176
\pagerim=\dimen177
\pcol@topskip=\skip51
\belowfootnoteskip=\skip52
\pcol@topfnotes=\box54
\pcol@prespan=\box55
\pcol@rightpage=\box56
\pcol@colorstack@saved=\box57
\pcol@tempboxa=\box58
\pcol@tempboxb=\box59
\pcol@colorins=\insert252
\pcol@everyvbox=\toks30
)
(/usr/share/texlive/texmf-dist/tex/latex/chngcntr/chngcntr.sty
Package: chngcntr 2018/04/09 v1.1a change counter resetting
Package chngcntr Info: \counterwithout already defined.
(chngcntr)             Quitting chngcntr on input line 21.
)
(/usr/share/texlive/texmf-dist/tex/latex/l3backend/l3backend-pdftex.def
File: l3backend-pdftex.def 2024-05-08 L3 backend support: PDF output (pdfTeX)
\l__color_backend_stack_int=\count291
\l__pdf_internal_box=\box60
)
(./report.aux)
\openout1 = `report.aux'.

LaTeX Font Info:    Checking defaults for OML/cmm/m/it on input line 28.
LaTeX Font Info:    ... okay on input line 28.
LaTeX Font Info:    Checking defaults for OMS/cmsy/m/n on input line 28.
LaTeX Font Info:    ... okay on input line 28.
LaTeX Font Info:    Checking defaults for OT1/cmr/m/n on input line 28.
LaTeX Font Info:    ... okay on input line 28.
LaTeX Font Info:    Checking defaults for T1/cmr/m/n on input line 28.
LaTeX Font Info:    ... okay on input line 28.
LaTeX Font Info:    Checking defaults for TS1/cmr/m/n on input line 28.
LaTeX Font Info:    ... okay on input line 28.
LaTeX Font Info:    Checking defaults for OMX/cmex/m/n on input line 28.
LaTeX Font Info:    ... okay on input line 28.
LaTeX Font Info:    Checking defaults for U/cmr/m/n on input line 28.
LaTeX Font Info:    ... okay on input line 28.

*geometry* driver: auto-detecting
*geometry* detected driver: pdftex
*geometry* verbose mode - [ preamble ] result:
* driver: pdftex
* paper: <default>
* layout: <same size as paper>
* layoutoffset:(h,v)=(0.0pt,0.0pt)
* modes: 
* h-part:(L,W,R)=(57.81621pt, 498.66258pt, 57.81621pt)
* v-part:(T,H,B)=(57.81621pt, 679.33757pt, 57.81621pt)
* \paperwidth=614.295pt
* \paperheight=794.96999pt
* \textwidth=498.66258pt
* \textheight=679.33757pt
* \oddsidemargin=-14.45378pt
* \evensidemargin=-14.45378pt
* \topmargin=-51.45378pt
* \headheight=12.0pt
* \headsep=25.0pt
* \topskip=10.0pt
* \footskip=30.0pt
* \marginparwidth=65.0pt
* \marginparsep=11.0pt
* \columnsep=10.0pt
* \skip\footins=9.0pt plus 4.0pt minus 2.0pt
* \hoffset=0.0pt
* \voffset=0.0pt
* \mag=1000
* \@twocolumnfalse
* \@twosidefalse
* \@mparswitchfalse
* \@reversemarginfalse
* (1in=72.27pt=25.4mm, 1cm=28.453pt)

(/usr/share/texlive/texmf-dist/tex/context/base/mkii/supp-pdf.mkii
[Loading MPS to PDF converter (version 2006.09.02).]
\scratchcounter=\count292
\scratchdimen=\dimen178
\scratchbox=\box61
\nofMPsegments=\count293
\nofMParguments=\count294
\everyMPshowfont=\toks31
\MPscratchCnt=\count295
\MPscratchDim=\dimen179
\MPnumerator=\count296
\makeMPintoPDFobject=\count297
\everyMPtoPDFconversion=\toks32
) (/usr/share/texlive/texmf-dist/tex/latex/epstopdf-pkg/epstopdf-base.sty
Package: epstopdf-base 2020-01-24 v2.11 Base part for package epstopdf
Package epstopdf-base Info: Redefining graphics rule for `.eps' on input line 4
85.

(/usr/share/texlive/texmf-dist/tex/latex/latexconfig/epstopdf-sys.cfg
File: epstopdf-sys.cfg 2010/07/13 v1.3 Configuration of (r)epstopdf for TeX Liv
e
))
Package caption Info: Begin \AtBeginDocument code.
Package caption Info: End \AtBeginDocument code.
LaTeX Font Info:    External font `cmex10' loaded for size
(Font)              <12> on input line 30.
LaTeX Font Info:    External font `cmex10' loaded for size
(Font)              <8> on input line 30.
LaTeX Font Info:    External font `cmex10' loaded for size
(Font)              <6> on input line 30.

(./question1.tex
Overfull \hbox (5.19695pt too wide) in paragraph at lines 9--15
\OT1/cmr/m/n/10 mea-sure-ments taken from isth-mus-cin-gu-late and pre-cuneus
 []


Overfull \hbox (8.64133pt too wide) in paragraph at lines 9--15
\OT1/cmr/m/n/10 nose de-men-tia of Alzheimer's type (DAT), la-beled sDAT/1.
 []

LaTeX Font Info:    External font `cmex10' loaded for size
(Font)              <7> on input line 17.
LaTeX Font Info:    External font `cmex10' loaded for size
(Font)              <5> on input line 17.
<Graphs/Q1_k30.png, id=1, 462.528pt x 346.896pt>
File: Graphs/Q1_k30.png Graphic file (type png)
<use Graphs/Q1_k30.png>
Package pdftex.def Info: Graphs/Q1_k30.png  used on input line 85.
(pdftex.def)             Requested size: 232.11397pt x 174.08804pt.

Overfull \hbox (2.78268pt too wide) in paragraph at lines 85--86
[][] 
 []

<Graphs/Q1_k50.png, id=3, 462.528pt x 346.896pt>
File: Graphs/Q1_k50.png Graphic file (type png)
<use Graphs/Q1_k50.png>
Package pdftex.def Info: Graphs/Q1_k50.png  used on input line 91.
(pdftex.def)             Requested size: 232.11397pt x 174.08804pt.
<Graphs/Q1_k150.png, id=4, 462.528pt x 346.896pt>
File: Graphs/Q1_k150.png Graphic file (type png)
<use Graphs/Q1_k150.png>
Package pdftex.def Info: Graphs/Q1_k150.png  used on input line 98.
(pdftex.def)             Requested size: 232.11397pt x 174.08804pt.
<Graphs/Q1_k1.png, id=5, 462.528pt x 346.896pt>
File: Graphs/Q1_k1.png Graphic file (type png)
<use Graphs/Q1_k1.png>
Package pdftex.def Info: Graphs/Q1_k1.png  used on input line 114.
(pdftex.def)             Requested size: 232.11398pt x 174.08804pt.
<Graphs/Q1_k3.png, id=6, 462.528pt x 346.896pt>
File: Graphs/Q1_k3.png Graphic file (type png)
<use Graphs/Q1_k3.png>
Package pdftex.def Info: Graphs/Q1_k3.png  used on input line 120.
(pdftex.def)             Requested size: 232.11398pt x 174.08804pt.
<Graphs/Q1_k5.png, id=7, 462.528pt x 346.896pt>
File: Graphs/Q1_k5.png Graphic file (type png)
<use Graphs/Q1_k5.png>
Package pdftex.def Info: Graphs/Q1_k5.png  used on input line 126.
(pdftex.def)             Requested size: 232.11398pt x 174.08804pt.
[1

{/var/lib/texmf/fonts/map/pdftex/updmap/pdftex.map} <./Graphs/Q1_k1.png> <./Gra
phs/Q1_k3.png>]
<Graphs/Q1_k10.png, id=24, 462.528pt x 346.896pt>
File: Graphs/Q1_k10.png Graphic file (type png)
<use Graphs/Q1_k10.png>
Package pdftex.def Info: Graphs/Q1_k10.png  used on input line 132.
(pdftex.def)             Requested size: 232.11398pt x 174.08804pt.
<Graphs/Q1_k20.png, id=25, 462.528pt x 346.896pt>
File: Graphs/Q1_k20.png Graphic file (type png)
<use Graphs/Q1_k20.png>
Package pdftex.def Info: Graphs/Q1_k20.png  used on input line 138.
(pdftex.def)             Requested size: 232.11398pt x 174.08804pt.
<Graphs/Q1_k100.png, id=26, 462.528pt x 346.896pt>
File: Graphs/Q1_k100.png Graphic file (type png)
<use Graphs/Q1_k100.png>
Package pdftex.def Info: Graphs/Q1_k100.png  used on input line 144.
(pdftex.def)             Requested size: 232.11398pt x 174.08804pt.
 [2 <./Graphs/Q1_k5.png> <./Graphs/Q1_k10.png> <./Graphs/Q1_k20.png>]
<Graphs/Q1_k200.png, id=33, 462.528pt x 346.896pt>
File: Graphs/Q1_k200.png Graphic file (type png)
<use Graphs/Q1_k200.png>
Package pdftex.def Info: Graphs/Q1_k200.png  used on input line 150.
(pdftex.def)             Requested size: 232.11398pt x 174.08804pt.
 [3 <./Graphs/Q1_k30.png> <./Graphs/Q1_k50.png> <./Graphs/Q1_k150.png> <./Graph
s/Q1_k100.png> <./Graphs/Q1_k200.png>]) (./question2.tex
<Graphs/Q2_single.png, id=42, 462.528pt x 346.896pt>
File: Graphs/Q2_single.png Graphic file (type png)
<use Graphs/Q2_single.png>
Package pdftex.def Info: Graphs/Q2_single.png  used on input line 6.
(pdftex.def)             Requested size: 299.20059pt x 224.41049pt.

! Undefined control sequence.
l.26 D_{\text
             {Euclidean}} = \sqrt{(x_1 - y_1)^2 + (x_2 - y_2)^2}
? 
! Undefined control sequence.
l.31 D_{\text
             {Manhattan}} = |x_1 - y_1| + |x_2 - y_2|
? 
! Undefined control sequence.
l.36 ...esulted in a training error of $err_{\text
                                                  {Euclidean}}=0.169$, and
? 
! Undefined control sequence.
l.37 ... the given test data set is $Err(D)_{\text
                                                  {Euclidean}}=0.160$.
? 
! Undefined control sequence.
l.39 is $err{\text
                  {Manhattan}}=0.165$,
? 
! Undefined control sequence.
l.40 ...s over the same data set is $Err(D)_{\text
                                                  {Manhattan}}=0.165$.
? 
) (./question3.tex
<Graphs/Q3.png, id=43, 462.528pt x 346.896pt>
File: Graphs/Q3.png Graphic file (type png)
<use Graphs/Q3.png>
Package pdftex.def Info: Graphs/Q3.png  used on input line 29.
(pdftex.def)             Requested size: 299.20059pt x 224.41049pt.
LaTeX Font Info:    External font `cmex10' loaded for size
(Font)              <9> on input line 30.


LaTeX Warning: Command \k invalid in math mode on input line 30.


! LaTeX Error: Command \k unavailable in encoding OT1.

See the LaTeX manual or LaTeX Companion for explanation.
Type  H <return>  for immediate help.
 ...                                              
                                                  
l.30 ...ghbors. The capacity is shown in logscale}
                                                  
? 

LaTeX Warning: Command \k invalid in math mode on input line 30.


! LaTeX Error: Command \k unavailable in encoding OT1.

See the LaTeX manual or LaTeX Companion for explanation.
Type  H <return>  for immediate help.
 ...                                              
                                                  
l.30 ...ghbors. The capacity is shown in logscale}
                                                  
? 


[4 <./Graphs/Q2_single.png>])

[5 <./Graphs/Q3.png>] (./report.aux)
 ***********
LaTeX2e <2024-11-01> patch level 2
L3 programming layer <2025-01-18>
 ***********


LaTeX Warning: Label(s) may have changed. Rerun to get cross-references right.

 ) 
Here is how much of TeX's memory you used:
 9271 strings out of 473197
 179282 string characters out of 5718604
 557114 words of memory out of 5000000
 32437 multiletter control sequences out of 15000+600000
 564351 words of font info for 54 fonts, out of 8000000 for 9000
 1141 hyphenation exceptions out of 8191
 57i,8n,65p,380b,591s stack positions out of 10000i,1000n,20000p,200000b,200000s
</usr/share/texlive/texmf-dist/fonts/type1/public/amsfonts/cm/cmbx10.pfb></us
r/share/texlive/texmf-dist/fonts/type1/public/amsfonts/cm/cmbx12.pfb></usr/shar
e/texlive/texmf-dist/fonts/type1/public/amsfonts/cm/cmbx9.pfb></usr/share/texli
ve/texmf-dist/fonts/type1/public/amsfonts/cm/cmex10.pfb></usr/share/texlive/tex
mf-dist/fonts/type1/public/amsfonts/cm/cmmi10.pfb></usr/share/texlive/texmf-dis
t/fonts/type1/public/amsfonts/cm/cmmi7.pfb></usr/share/texlive/texmf-dist/fonts
/type1/public/amsfonts/cm/cmr10.pfb></usr/share/texlive/texmf-dist/fonts/type1/
public/amsfonts/cm/cmr12.pfb></usr/share/texlive/texmf-dist/fonts/type1/public/
amsfonts/cm/cmr17.pfb></usr/share/texlive/texmf-dist/fonts/type1/public/amsfont
s/cm/cmr7.pfb></usr/share/texlive/texmf-dist/fonts/type1/public/amsfonts/cm/cmr
9.pfb></usr/share/texlive/texmf-dist/fonts/type1/public/amsfonts/cm/cmsy10.pfb>
</usr/share/texlive/texmf-dist/fonts/type1/public/amsfonts/cm/cmti10.pfb>
Output written on report.pdf (5 pages, 2308839 bytes).
PDF statistics:
 110 PDF objects out of 1000 (max. 8388607)
 52 compressed objects within 1 object stream
 0 named destinations out of 1000 (max. 500000)
 61 words of extra memory for PDF output out of 10000 (max. 10000000)

