

*******************************************************************************
Fri Feb 13 09:37:59 2026


FIT:    data read from 'train.csv' using (log($5*$6*$7)):9
        format = x:z
        #datapoints = 496
        residuals are weighted equally (unit weight)

function used for fitting: a+b*x
fitted parameters initialized with current variable values

iter      chisq       delta/lim  lambda   a             b            
   0 3.9787509121e+05   0.00e+00  1.11e+01    1.000000e+00   1.000000e+00
   4 1.3676516992e+05  -8.66e-01  1.11e-03   -8.217945e+01   7.738969e+00

After 4 iterations the fit converged.
final sum of squares of residuals : 136765
rel. change during last iteration : -8.65802e-06

degrees of freedom    (FIT_NDF)                        : 494
rms of residuals      (FIT_STDFIT) = sqrt(WSSR/ndf)    : 16.6389
variance of residuals (reduced chisquare) = WSSR/ndf   : 276.853

Final set of parameters            Asymptotic Standard Error
=======================            ==========================
a               = -82.1794         +/- 24.6         (29.94%)
b               = 7.73897          +/- 1.565        (20.22%)

correlation matrix of the fit parameters:
                a      b      
a               1.000 
b              -1.000  1.000 


*******************************************************************************
Fri Feb 13 09:38:23 2026


FIT:    data read from 'train.csv' using ($5*$6*$7):9
        format = x:z
        #datapoints = 800
        residuals are weighted equally (unit weight)

function used for fitting: a*x**b
fitted parameters initialized with current variable values

iter      chisq       delta/lim  lambda   a             b            
   0 4.4208336453e+118  0.00e+00  7.36e+59   -8.217945e+01   7.738969e+00
   1 6.8089753326e+117 -5.49e+05  7.36e+58   -8.217519e+01   7.683713e+00

The maximum lambda = 1.000000e+20 was exceeded. Fit stopped.
final sum of squares of residuals : 6.80898e+117
rel. change during last iteration : -5.49266

degrees of freedom    (FIT_NDF)                        : 798
rms of residuals      (FIT_STDFIT) = sqrt(WSSR/ndf)    : 2.92105e+57
variance of residuals (reduced chisquare) = WSSR/ndf   : 8.53255e+114

Final set of parameters            Asymptotic Standard Error
=======================            ==========================
a               = -82.1752         +/- 952.7        (1159%)
b               = 7.68371          +/- 0.6413       (8.347%)

correlation matrix of the fit parameters:
                a      b      
a               1.000 
b               1.000  1.000 


*******************************************************************************
Fri Feb 13 09:38:42 2026


FIT:    data read from 'train.csv' using ($5*$6*$7):9
        format = x:z
        #datapoints = 800
        residuals are weighted equally (unit weight)

function used for fitting: a*x**b + c
fitted parameters initialized with current variable values

iter      chisq       delta/lim  lambda   a             b             c            
   0 6.8089753326e+117  0.00e+00  2.34e+59   -8.217519e+01   7.683713e+00   1.000000e+00
   1 1.0473723937e+117 -5.50e+05  2.34e+58   -8.217084e+01   7.628417e+00   1.000000e+00

The maximum lambda = 1.000000e+20 was exceeded. Fit stopped.
final sum of squares of residuals : 1.04737e+117
rel. change during last iteration : -5.50101

degrees of freedom    (FIT_NDF)                        : 797
rms of residuals      (FIT_STDFIT) = sqrt(WSSR/ndf)    : 1.14636e+57
variance of residuals (reduced chisquare) = WSSR/ndf   : 1.31414e+114

Final set of parameters            Asymptotic Standard Error
=======================            ==========================
a               = -82.1708         +/- 947.1        (1153%)
b               = 7.62842          +/- 0.6379       (8.362%)
c               = 1                +/- 6.575e+55    (6.575e+57%)

correlation matrix of the fit parameters:
                a      b      c      
a               1.000 
b               1.000  1.000 
c               0.000  0.000  1.000 


*******************************************************************************
Fri Feb 13 09:39:09 2026


FIT:    data read from 'train.csv' using ($5*$6*$7):9
        format = x:z
        #datapoints = 800
        residuals are weighted equally (unit weight)

function used for fitting: a*log(x)+b
fitted parameters initialized with current variable values


Current data point
=========================
#               = 2 out of 800
x               = -82.1708       
z               = 48.4012        

Current set of parameters
=========================
a               = -82.1708       
b               = 7.62842        

BREAK: Undefined value during function evaluation

*******************************************************************************
Fri Feb 13 09:39:28 2026


FIT:    data read from 'train.csv' using ($5*$6*$7):9
        format = x:z
        #datapoints = 800
        residuals are weighted equally (unit weight)

function used for fitting: a*x**b
fitted parameters initialized with current variable values

iter      chisq       delta/lim  lambda   a             b            
   0 1.0473723937e+117  0.00e+00  1.12e+59   -8.217084e+01   7.628417e+00
   1 1.6102764276e+116 -5.50e+05  1.12e+58   -8.216645e+01   7.573106e+00

The maximum lambda = 1.000000e+20 was exceeded. Fit stopped.
final sum of squares of residuals : 1.61028e+116
rel. change during last iteration : -5.5043

degrees of freedom    (FIT_NDF)                        : 798
rms of residuals      (FIT_STDFIT) = sqrt(WSSR/ndf)    : 4.49209e+56
variance of residuals (reduced chisquare) = WSSR/ndf   : 2.01789e+113

Final set of parameters            Asymptotic Standard Error
=======================            ==========================
a               = -82.1664         +/- 940.2        (1144%)
b               = 7.57311          +/- 0.6336       (8.367%)

correlation matrix of the fit parameters:
                a      b      
a               1.000 
b               1.000  1.000 


*******************************************************************************
Fri Feb 13 09:42:23 2026


FIT:    data read from 'train.csv' using (log($5*$6*$7)):(log($9))
        format = x:z
        #datapoints = 496
        residuals are weighted equally (unit weight)

function used for fitting: a*x+b
fitted parameters initialized with current variable values

iter      chisq       delta/lim  lambda   a             b            
   0 8.2253942134e+08   0.00e+00  9.13e+02   -8.216645e+01   7.573106e+00
   6 1.1267718284e+02  -1.12e-06  9.13e-04    1.930219e-01   5.354434e-01

After 6 iterations the fit converged.
final sum of squares of residuals : 112.677
rel. change during last iteration : -1.1247e-11

degrees of freedom    (FIT_NDF)                        : 494
rms of residuals      (FIT_STDFIT) = sqrt(WSSR/ndf)    : 0.477589
variance of residuals (reduced chisquare) = WSSR/ndf   : 0.228091

Final set of parameters            Asymptotic Standard Error
=======================            ==========================
a               = 0.193022         +/- 0.04492      (23.27%)
b               = 0.535443         +/- 0.7061       (131.9%)

correlation matrix of the fit parameters:
                a      b      
a               1.000 
b              -1.000  1.000 


*******************************************************************************
Fri Feb 13 09:42:33 2026


FIT:    data read from 'train.csv' using (log($5*$6*$7)):(($9))
        format = x:z
        #datapoints = 496
        residuals are weighted equally (unit weight)

function used for fitting: a*x+b
fitted parameters initialized with current variable values

iter      chisq       delta/lim  lambda   a             b            
   0 7.8113114913e+05   0.00e+00  2.18e+00    1.930219e-01   5.354434e-01
   4 1.3676516992e+05  -2.28e-03  2.18e-04    7.738997e+00  -8.217988e+01

After 4 iterations the fit converged.
final sum of squares of residuals : 136765
rel. change during last iteration : -2.27623e-08

degrees of freedom    (FIT_NDF)                        : 494
rms of residuals      (FIT_STDFIT) = sqrt(WSSR/ndf)    : 16.6389
variance of residuals (reduced chisquare) = WSSR/ndf   : 276.853

Final set of parameters            Asymptotic Standard Error
=======================            ==========================
a               = 7.739            +/- 1.565        (20.22%)
b               = -82.1799         +/- 24.6         (29.94%)

correlation matrix of the fit parameters:
                a      b      
a               1.000 
b              -1.000  1.000 


*******************************************************************************
Fri Feb 13 09:42:45 2026


FIT:    data read from 'train.csv' using ($5*$6*$7):(($9))
        format = x:z
        #datapoints = 800
        residuals are weighted equally (unit weight)

function used for fitting: a*x**b
fitted parameters initialized with current variable values


Current data point
=========================
#               = 2 out of 800
x               = 7.739          
z               = 48.4012        

Current set of parameters
=========================
a               = 7.739          
b               = -82.1799       

BREAK: Undefined value during function evaluation

*******************************************************************************
Fri Feb 13 09:42:56 2026


FIT:    data read from 'train.csv' using ($5*$6*$7):(($9))
        format = x:z
        #datapoints = 800
        residuals are weighted equally (unit weight)

function used for fitting: a*x**b
fitted parameters initialized with current variable values


Current data point
=========================
#               = 2 out of 800
x               = 7.739          
z               = 48.4012        

Current set of parameters
=========================
a               = 7.739          
b               = -82.1799       

BREAK: Undefined value during function evaluation

*******************************************************************************
Fri Feb 13 09:52:43 2026


FIT:    data read from 'train.csv' using ($1):(($9))
        format = x:z
        #datapoints = 800
        residuals are weighted equally (unit weight)

function used for fitting: a*x**b + c
fitted parameters initialized with current variable values

iter      chisq       delta/lim  lambda   a             b             c            
   0 1.1854250774e+06   0.00e+00  5.77e-01    7.738997e+00  -8.217988e+01   1.000000e+00
BREAK: Singular matrix in Invert_RtR

*******************************************************************************
Fri Feb 13 09:52:50 2026


FIT:    data read from 'train.csv' using ($1):(($9))
        format = x:z
        #datapoints = 800
        residuals are weighted equally (unit weight)

function used for fitting: a*x + c
fitted parameters initialized with current variable values

iter      chisq       delta/lim  lambda   a             c            
   0 4.2586733321e+09   0.00e+00  1.63e+03    7.738997e+00   3.561477e+01
   4 1.6732094447e+05  -4.20e-03  1.63e-01    8.430127e-02   1.199162e+01

After 4 iterations the fit converged.
final sum of squares of residuals : 167321
rel. change during last iteration : -4.19771e-08

degrees of freedom    (FIT_NDF)                        : 798
rms of residuals      (FIT_STDFIT) = sqrt(WSSR/ndf)    : 14.4802
variance of residuals (reduced chisquare) = WSSR/ndf   : 209.675

Final set of parameters            Asymptotic Standard Error
=======================            ==========================
a               = 0.0843013        +/- 0.004921     (5.838%)
c               = 11.9916          +/- 1.469        (12.25%)

correlation matrix of the fit parameters:
                a      c      
a               1.000 
c              -0.937  1.000 


*******************************************************************************
Fri Feb 13 09:52:59 2026


FIT:    data read from 'train.csv' using ($1):(($9))
        format = x:z
        #datapoints = 800
        residuals are weighted equally (unit weight)

function used for fitting: a*log(x) + c
fitted parameters initialized with current variable values

iter      chisq       delta/lim  lambda   a             c            
   0 6.5598347035e+05   0.00e+00  8.49e+00    8.430127e-02   1.199162e+01
   4 1.7013974441e+05  -5.40e-01  8.49e-04    2.244037e+01  -8.926173e+01

After 4 iterations the fit converged.
final sum of squares of residuals : 170140
rel. change during last iteration : -5.3953e-06

degrees of freedom    (FIT_NDF)                        : 798
rms of residuals      (FIT_STDFIT) = sqrt(WSSR/ndf)    : 14.6016
variance of residuals (reduced chisquare) = WSSR/ndf   : 213.208

Final set of parameters            Asymptotic Standard Error
=======================            ==========================
a               = 22.4404          +/- 1.352        (6.026%)
c               = -89.2617         +/- 7.541        (8.448%)

correlation matrix of the fit parameters:
                a      c      
a               1.000 
c              -0.998  1.000 


*******************************************************************************
Fri Feb 13 10:05:05 2026


FIT:    data read from 'train.csv' using ($3):(($9))
        format = x:z
        #datapoints = 800
        residuals are weighted equally (unit weight)

function used for fitting: a + b*x + c*x**2
fitted parameters initialized with current variable values

iter      chisq       delta/lim  lambda   a             b             c            
   0 1.1038193578e+11   0.00e+00  6.75e+03    1.000000e+00   1.000000e+00   1.000000e+00
   6 2.2522476383e+05  -1.78e-03  6.75e-03    3.667906e+01   4.402577e-02  -4.987554e-04

After 6 iterations the fit converged.
final sum of squares of residuals : 225225
rel. change during last iteration : -1.78157e-08

degrees of freedom    (FIT_NDF)                        : 797
rms of residuals      (FIT_STDFIT) = sqrt(WSSR/ndf)    : 16.8104
variance of residuals (reduced chisquare) = WSSR/ndf   : 282.591

Final set of parameters            Asymptotic Standard Error
=======================            ==========================
a               = 36.6791          +/- 0.7902       (2.154%)
b               = 0.0440258        +/- 0.03525      (80.07%)
c               = -0.000498755     +/- 0.0002385    (47.82%)

correlation matrix of the fit parameters:
                a      b      c      
a               1.000 
b              -0.363  1.000 
c               0.205 -0.964  1.000 


*******************************************************************************
Fri Feb 13 10:05:16 2026


FIT:    data read from 'train.csv' using ($3):(($9))
        format = x:z
        #datapoints = 800
        residuals are weighted equally (unit weight)

function used for fitting: a + b*x + c*x**2+d*x**3
fitted parameters initialized with current variable values



*******************************************************************************
Fri Feb 13 10:05:19 2026


FIT:    data read from 'train.csv' using ($3):(($9))
        format = x:z
        #datapoints = 800
        residuals are weighted equally (unit weight)

function used for fitting: a + b*x + c*x**2+d*x**3
fitted parameters initialized with current variable values

iter      chisq       delta/lim  lambda   a             b             c             d            
   0 2.5648664448e+15   0.00e+00  8.95e+05    3.667906e+01   4.402577e-02  -4.987554e-04   1.000000e+00
   3 2.2522467290e+05  -1.46e-03  8.95e+02    3.667874e+01   4.402570e-02  -4.987567e-04  -5.956965e-09

After 3 iterations the fit converged.
final sum of squares of residuals : 225225
rel. change during last iteration : -1.46394e-08

degrees of freedom    (FIT_NDF)                        : 796
rms of residuals      (FIT_STDFIT) = sqrt(WSSR/ndf)    : 16.821
variance of residuals (reduced chisquare) = WSSR/ndf   : 282.946

Final set of parameters            Asymptotic Standard Error
=======================            ==========================
a               = 36.6787          +/- 0.794        (2.165%)
b               = 0.0440257        +/- 0.1323       (300.5%)
c               = -0.000498757     +/- 0.001941     (389.1%)
d               = -5.95697e-09     +/- 6.947e-06    (1.166e+05%)

correlation matrix of the fit parameters:
                a      b      c      d      
a               1.000 
b              -0.185  1.000 
c               0.116 -0.988  1.000 
d              -0.091  0.964 -0.992  1.000 


*******************************************************************************
Fri Feb 13 10:05:24 2026


FIT:    data read from 'train.csv' using ($3):(($9))
        format = x:z
        #datapoints = 800
        residuals are weighted equally (unit weight)

function used for fitting: a + b*x + c*x**2+d*x**4
fitted parameters initialized with current variable values

iter      chisq       delta/lim  lambda   a             b             c             d            
   0 2.2751928946e+05   0.00e+00  1.87e+01    3.667874e+01   4.402570e-02  -4.987567e-04  -5.956965e-09
   3 2.2510214625e+05  -9.04e-01  1.87e-02    3.672193e+01  -1.675675e-02   1.927925e-04  -1.158657e-08

After 3 iterations the fit converged.
final sum of squares of residuals : 225102
rel. change during last iteration : -9.04406e-06

degrees of freedom    (FIT_NDF)                        : 796
rms of residuals      (FIT_STDFIT) = sqrt(WSSR/ndf)    : 16.8164
variance of residuals (reduced chisquare) = WSSR/ndf   : 282.792

Final set of parameters            Asymptotic Standard Error
=======================            ==========================
a               = 36.7219          +/- 0.7932       (2.16%)
b               = -0.0167567       +/- 0.09884      (589.8%)
c               = 0.000192792      +/- 0.001077     (558.8%)
d               = -1.15866e-08     +/- 1.76e-08     (151.9%)

correlation matrix of the fit parameters:
                a      b      c      d      
a               1.000 
b              -0.206  1.000 
c               0.125 -0.987  1.000 
d              -0.082  0.934 -0.975  1.000 


*******************************************************************************
Fri Feb 13 10:05:39 2026


FIT:    data read from 'train.csv' using ($3):(($9))
        format = x:z
        #datapoints = 800
        residuals are weighted equally (unit weight)

function used for fitting: a*exp(b*x)
fitted parameters initialized with current variable values

iter      chisq       delta/lim  lambda   a             b            
   0 5.1316812165e+05   0.00e+00  2.02e+01    3.672193e+01  -1.675675e-02
  19 2.2651099818e+05  -2.56e-04  2.02e-03    3.699490e+01  -7.555237e-04

After 19 iterations the fit converged.
final sum of squares of residuals : 226511
rel. change during last iteration : -2.56024e-09

degrees of freedom    (FIT_NDF)                        : 798
rms of residuals      (FIT_STDFIT) = sqrt(WSSR/ndf)    : 16.8478
variance of residuals (reduced chisquare) = WSSR/ndf   : 283.848

Final set of parameters            Asymptotic Standard Error
=======================            ==========================
a               = 36.9949          +/- 0.778        (2.103%)
b               = -0.000755524     +/- 0.0002704    (35.78%)

correlation matrix of the fit parameters:
                a      b      
a               1.000 
b              -0.606  1.000 


*******************************************************************************
Fri Feb 13 10:06:11 2026


FIT:    data read from 'train.csv' using ($3):(($9))
        format = x:z
        #datapoints = 800
        residuals are weighted equally (unit weight)

function used for fitting: a*log(x)+b
fitted parameters initialized with current variable values


Current data point
=========================
#               = 1 out of 800
x               = 36.9949        
z               = 19.0089        

Current set of parameters
=========================
a               = 36.9949        
b               = -0.000755524   

BREAK: Undefined value during function evaluation

*******************************************************************************
Fri Feb 13 10:06:17 2026


FIT:    data read from 'train.csv' using ($3):(($9))
        format = x:z
        #datapoints = 800
        residuals are weighted equally (unit weight)

function used for fitting: a*log(x+0.01)+b
fitted parameters initialized with current variable values

iter      chisq       delta/lim  lambda   a             b            
   0 2.6448103662e+07   0.00e+00  1.22e+02    3.699490e+01  -7.555237e-04
   7 2.2759083736e+05  -2.74e-01  1.22e-05   -2.699931e-01   3.545141e+01

After 7 iterations the fit converged.
final sum of squares of residuals : 227591
rel. change during last iteration : -2.7424e-06

degrees of freedom    (FIT_NDF)                        : 798
rms of residuals      (FIT_STDFIT) = sqrt(WSSR/ndf)    : 16.8879
variance of residuals (reduced chisquare) = WSSR/ndf   : 285.202

Final set of parameters            Asymptotic Standard Error
=======================            ==========================
a               = -0.269993        +/- 0.1286       (47.61%)
b               = 35.4514          +/- 0.6002       (1.693%)

correlation matrix of the fit parameters:
                a      b      
a               1.000 
b               0.101  1.000 


*******************************************************************************
Fri Feb 13 10:06:27 2026


FIT:    data read from 'train.csv' using ($3):(($9))
        format = x:z
        #datapoints = 800
        residuals are weighted equally (unit weight)

function used for fitting: a*log(x+1)+b
fitted parameters initialized with current variable values

iter      chisq       delta/lim  lambda   a             b            
   0 2.2820011464e+05   0.00e+00  2.51e+01   -2.699931e-01   3.545141e+01
   3 2.2743197541e+05  -2.59e-02  2.51e-02   -5.619631e-01   3.675839e+01

After 3 iterations the fit converged.
final sum of squares of residuals : 227432
rel. change during last iteration : -2.59233e-07

degrees of freedom    (FIT_NDF)                        : 798
rms of residuals      (FIT_STDFIT) = sqrt(WSSR/ndf)    : 16.882
variance of residuals (reduced chisquare) = WSSR/ndf   : 285.002

Final set of parameters            Asymptotic Standard Error
=======================            ==========================
a               = -0.561963        +/- 0.252        (44.85%)
b               = 36.7584          +/- 0.7975       (2.169%)

correlation matrix of the fit parameters:
                a      b      
a               1.000 
b              -0.663  1.000 
