Traceback (most recent call last):
  File "/home/gdesouza/IntroToML_Group17/Assignment_5/Greg/assign5.py", line 108, in <module>
    Q2_results()
    ~~~~~~~~~~^^
  File "/home/gdesouza/IntroToML_Group17/Assignment_5/Greg/assign5.py", line 97, in Q2_results
    grid_search.fit(x_train_vec, y_train)
    ~~~~~~~~~~~~~~~^^^^^^^^^^^^^^^^^^^^^^
  File "/home/gdesouza/.local/lib/python3.13/site-packages/sklearn/base.py", line 1336, in wrapper
    return fit_method(estimator, *args, **kwargs)
  File "/home/gdesouza/.local/lib/python3.13/site-packages/sklearn/model_selection/_search.py", line 1053, in fit
    self._run_search(evaluate_candidates)
    ~~~~~~~~~~~~~~~~^^^^^^^^^^^^^^^^^^^^^
  File "/home/gdesouza/.local/lib/python3.13/site-packages/sklearn/model_selection/_search.py", line 1612, in _run_search
    evaluate_candidates(ParameterGrid(self.param_grid))
    ~~~~~~~~~~~~~~~~~~~^^^^^^^^^^^^^^^^^^^^^^^^^^^^^^^^
  File "/home/gdesouza/.local/lib/python3.13/site-packages/sklearn/model_selection/_search.py", line 999, in evaluate_candidates
    out = parallel(
        delayed(_fit_and_score)(
    ...<13 lines>...
        )
    )
  File "/home/gdesouza/.local/lib/python3.13/site-packages/sklearn/utils/parallel.py", line 91, in __call__
    return super().__call__(iterable_with_config_and_warning_filters)
           ~~~~~~~~~~~~~~~~^^^^^^^^^^^^^^^^^^^^^^^^^^^^^^^^^^^^^^^^^^
  File "/home/gdesouza/.local/lib/python3.13/site-packages/joblib/parallel.py", line 2072, in __call__
    return output if self.return_generator else list(output)
                                                ~~~~^^^^^^^^
  File "/home/gdesouza/.local/lib/python3.13/site-packages/joblib/parallel.py", line 1682, in _get_outputs
    yield from self._retrieve()
  File "/home/gdesouza/.local/lib/python3.13/site-packages/joblib/parallel.py", line 1784, in _retrieve
    self._raise_error_fast()
    ~~~~~~~~~~~~~~~~~~~~~~^^
  File "/home/gdesouza/.local/lib/python3.13/site-packages/joblib/parallel.py", line 1859, in _raise_error_fast
    error_job.get_result(self.timeout)
    ~~~~~~~~~~~~~~~~~~~~^^^^^^^^^^^^^^
  File "/home/gdesouza/.local/lib/python3.13/site-packages/joblib/parallel.py", line 758, in get_result
    return self._return_or_raise()
           ~~~~~~~~~~~~~~~~~~~~~^^
  File "/home/gdesouza/.local/lib/python3.13/site-packages/joblib/parallel.py", line 773, in _return_or_raise
    raise self._result
joblib.externals.loky.process_executor.TerminatedWorkerError: A worker process managed by the executor was unexpectedly terminated. This could be caused by a segmentation fault while calling the function or by an excessive memory usage causing the Operating System to kill the worker.

The exit codes of the workers are {SIGKILL(-9)}
Detailed tracebacks of the workers should have been printed to stderr in the executor process if faulthandler was not disabled.
slurmstepd: error: Detected 4 oom_kill events in StepId=10805737.batch. Some of the step tasks have been OOM Killed.
